BL51 BANKED LINKER/LOCATER V6.22.2.0                                                    08/28/2020  10:23:15  PAGE 1


BL51 BANKED LINKER/LOCATER V6.22.2.0, INVOKED BY:
C:\KEIL_V5\C51\BIN\BL51.EXE .\Objects\main.obj, .\Objects\Common.obj, .\Objects\Delay.obj, .\Objects\STARTUP.obj TO .\Ob
>> jects\test PRINT (.\Listings\test.m51) RAMSIZE (256) DISABLEWARNING (16)


MEMORY MODEL: SMALL


INPUT MODULES INCLUDED:
  .\Objects\main.obj (MAIN)
  .\Objects\Common.obj (COMMON)
  .\Objects\Delay.obj (DELAY)
  .\Objects\STARTUP.obj (?C_STARTUP)
  C:\KEIL_V5\C51\LIB\C51S.LIB (?C_INIT)
  C:\KEIL_V5\C51\LIB\C51S.LIB (?C?CLDOPTR)
  C:\KEIL_V5\C51\LIB\C51S.LIB (?C?ULDIV)
  C:\KEIL_V5\C51\LIB\C51S.LIB (?C?ULCMP)
  C:\KEIL_V5\C51\LIB\C51S.LIB (?C?ULSHR)
  C:\KEIL_V5\C51\LIB\C51S.LIB (STRLEN)
  C:\KEIL_V5\C51\LIB\C51S.LIB (?C?CLDPTR)


LINK MAP OF MODULE:  .\Objects\test (MAIN)


            TYPE    BASE      LENGTH    RELOCATION   SEGMENT NAME
            -----------------------------------------------------

            * * * * * * *   D A T A   M E M O R Y   * * * * * * *
            REG     0000H     0008H     ABSOLUTE     "REG BANK 0"
            DATA    0008H     0008H     UNIT         ?DT?MAIN
            DATA    0010H     0007H     UNIT         _DATA_GROUP_
            DATA    0017H     0004H     UNIT         ?DT?_INITIALUART0_TIMER3?COMMON
            DATA    001BH     0004H     UNIT         ?DT?_INITIALUART1_TIMER3?COMMON
                    001FH     0001H                  *** GAP ***
            BIT     0020H.0   0000H.1   UNIT         ?BI?DELAY
                    0020H.1   0000H.7                *** GAP ***
            DATA    0021H     0004H     UNIT         ?DT?_TIMER0_DELAY100US?DELAY
            DATA    0025H     0004H     UNIT         ?DT?_TIMER1_DELAY10MS?DELAY
            DATA    0029H     0004H     UNIT         ?DT?_TIMER2_DELAY500US?DELAY
            DATA    002DH     0004H     UNIT         ?DT?_TIMER3_DELAY100MS?DELAY
            DATA    0031H     0004H     UNIT         ?DT?_TIMER3_DELAY10US?DELAY
            IDATA   0035H     0001H     UNIT         ?STACK

            * * * * * * *   C O D E   M E M O R Y   * * * * * * *
            CODE    0000H     0003H     ABSOLUTE     
            CODE    0003H     0015H     UNIT         ?PR?_STRLEN?STRLEN
            CODE    0018H     0008H     UNIT         ?PR?RECEIVE_DATA_FROM_UART0?COMMON
                    0020H     0003H                  *** GAP ***
            CODE    0023H     0003H     ABSOLUTE     
            CODE    0026H     0138H     UNIT         ?C?LIB_CODE
            CODE    015EH     00ACH     UNIT         ?C_C51STARTUP
            CODE    020AH     0069H     UNIT         ?PR?_INITIALUART0_TIMER3?COMMON
            CODE    0273H     0064H     UNIT         ?PR?_INITIALUART1_TIMER3?COMMON
            CODE    02D7H     005AH     UNIT         ?PR?SERIALPORT0_ISR?MAIN
            CODE    0331H     0050H     UNIT         ?PR?_TIMER3_DELAY100MS?DELAY
            CODE    0381H     0050H     UNIT         ?PR?_TIMER3_DELAY10US?DELAY
            CODE    03D1H     004EH     UNIT         ?PR?_TIMER2_DELAY500US?DELAY
BL51 BANKED LINKER/LOCATER V6.22.2.0                                                  08/28/2020  10:23:15  PAGE 2


            CODE    041FH     004BH     UNIT         ?PR?_TIMER0_DELAY100US?DELAY
            CODE    046AH     004BH     UNIT         ?PR?_TIMER0_DELAY1MS?DELAY
            CODE    04B5H     004BH     UNIT         ?PR?_TIMER1_DELAY10MS?DELAY
            CODE    0500H     0041H     UNIT         ?PR?_SENDCHUOI?MAIN
            CODE    0541H     0039H     UNIT         ?PR?_INITIALUART0_TIMER1?COMMON
            CODE    057AH     002DH     UNIT         ?PR?MAIN?MAIN
            CODE    05A7H     0008H     UNIT         ?PR?_SEND_DATA_TO_UART0?COMMON
            CODE    05AFH     0008H     UNIT         ?PR?RECEIVE_DATA_FROM_UART1?COMMON
            CODE    05B7H     0008H     UNIT         ?PR?_SEND_DATA_TO_UART1?COMMON
            CODE    05BFH     0005H     UNIT         ?C_INITSEG



OVERLAY MAP OF MODULE:   .\Objects\test (MAIN)


SEGMENT                                      DATA_GROUP 
  +--> CALLED SEGMENT                      START    LENGTH
----------------------------------------------------------
?PR?SERIALPORT0_ISR?MAIN                   -----    -----
  +--> ?PR?RECEIVE_DATA_FROM_UART0?COMMON
  +--> ?PR?_SEND_DATA_TO_UART0?COMMON

*** NEW ROOT ***************************************************

?C_C51STARTUP                              -----    -----
  +--> ?PR?MAIN?MAIN
  +--> ?C_INITSEG

?PR?MAIN?MAIN                              -----    -----
  +--> ?PR?_INITIALUART0_TIMER1?COMMON
  +--> ?PR?_SENDCHUOI?MAIN
  +--> ?PR?_TIMER0_DELAY1MS?DELAY

?PR?_SENDCHUOI?MAIN                        0010H    0007H
  +--> ?PR?_STRLEN?STRLEN
  +--> ?PR?_SEND_DATA_TO_UART0?COMMON

?PR?_TIMER0_DELAY1MS?DELAY                 0010H    0004H



SYMBOL TABLE OF MODULE:  .\Objects\test (MAIN)

  VALUE           TYPE          NAME
  ----------------------------------

  -------         MODULE        MAIN
  C:0000H         SYMBOL        _ICE_DUMMY_
  D:00B1H         PUBLIC        P0M1
  D:00B2H         PUBLIC        P0M2
  D:0080H         PUBLIC        P0
  D:0090H         PUBLIC        P1
  D:00A0H         PUBLIC        P2
  D:00B0H         PUBLIC        P3
  B:00A8H.7       PUBLIC        EA
  D:00D8H         PUBLIC        PWMCON0
BL51 BANKED LINKER/LOCATER V6.22.2.0                                                  08/28/2020  10:23:15  PAGE 3


  C:02D7H         PUBLIC        SerialPort0_ISR
  D:00A8H         PUBLIC        IE
  B:00A8H.4       PUBLIC        ES
  D:00B8H         PUBLIC        IP
  B:0098H.0       PUBLIC        RI
  B:0098H.1       PUBLIC        TI
  C:057AH         PUBLIC        main
  C:0500H         PUBLIC        _sendChuoi
  D:0098H         PUBLIC        SCON
  B:0080H.5       PUBLIC        P05
  D:0088H         PUBLIC        TCON
  D:00F8H         PUBLIC        SCON_1
  D:00E8H         PUBLIC        ADCCON0
  D:00C0H         PUBLIC        I2CON
  D:0008H         PUBLIC        b
  D:000DH         PUBLIC        c
  D:000FH         PUBLIC        rx_data
  D:00C8H         PUBLIC        T2CON
  D:00D0H         PUBLIC        PSW
  -------         PROC          SERIALPORT0_ISR
  C:02D7H         LINE#         9
  C:02F4H         LINE#         11
  C:02F7H         LINE#         12
  C:02F7H         LINE#         13
  C:02FCH         LINE#         14
  C:0303H         LINE#         15
  C:030AH         LINE#         16
  C:030FH         LINE#         17
  C:0311H         LINE#         18
  C:0311H         LINE#         19
  C:0314H         LINE#         20
  C:0314H         LINE#         21
  C:0316H         LINE#         22
  C:0316H         LINE#         23
  -------         ENDPROC       SERIALPORT0_ISR
  -------         PROC          _SENDCHUOI
  D:0010H         SYMBOL        a
  -------         DO            
  D:0013H         SYMBOL        i
  D:0015H         SYMBOL        n
  -------         ENDDO         
  C:0500H         LINE#         25
  C:0506H         LINE#         27
  C:050DH         LINE#         28
  C:0523H         LINE#         29
  C:0536H         LINE#         30
  C:0540H         LINE#         31
  -------         ENDPROC       _SENDCHUOI
  -------         PROC          MAIN
  C:057AH         LINE#         34
  C:057AH         LINE#         35
  C:0585H         LINE#         36
  C:058BH         LINE#         37
  C:058DH         LINE#         38
  C:058FH         LINE#         39
  C:0591H         LINE#         41
  C:0591H         LINE#         42
BL51 BANKED LINKER/LOCATER V6.22.2.0                                                  08/28/2020  10:23:15  PAGE 4


  C:059AH         LINE#         43
  C:05A5H         LINE#         44
  -------         ENDPROC       MAIN
  -------         ENDMOD        MAIN

  -------         MODULE        COMMON
  C:0000H         SYMBOL        _ICE_DUMMY_
  D:00B1H         PUBLIC        P0M1
  D:00B3H         PUBLIC        P1M1
  D:00B2H         PUBLIC        P0M2
  D:0080H         PUBLIC        P0
  D:00B4H         PUBLIC        P1M2
  D:0090H         PUBLIC        P1
  D:00A0H         PUBLIC        P2
  D:00B0H         PUBLIC        P3
  D:00D8H         PUBLIC        PWMCON0
  D:00A8H         PUBLIC        IE
  D:00B8H         PUBLIC        IP
  B:0098H.0       PUBLIC        RI
  B:0098H.1       PUBLIC        TI
  B:00F8H.0       PUBLIC        RI_1
  B:00F8H.1       PUBLIC        TI_1
  D:0099H         PUBLIC        SBUF
  D:0087H         PUBLIC        PCON
  D:0098H         PUBLIC        SCON
  D:0089H         PUBLIC        TMOD
  D:0088H         PUBLIC        TCON
  D:009AH         PUBLIC        SBUF_1
  D:00F8H         PUBLIC        SCON_1
  D:00C6H         PUBLIC        RH3
  D:008DH         PUBLIC        TH1
  D:00C5H         PUBLIC        RL3
  C:0541H         PUBLIC        _InitialUART0_Timer1
  C:020AH         PUBLIC        _InitialUART0_Timer3
  C:0273H         PUBLIC        _InitialUART1_Timer3
  B:0088H.6       PUBLIC        TR1
  D:00E8H         PUBLIC        ADCCON0
  C:05A7H         PUBLIC        _Send_Data_To_UART0
  C:05B7H         PUBLIC        _Send_Data_To_UART1
  D:00C0H         PUBLIC        I2CON
  D:00C8H         PUBLIC        T2CON
  D:00C4H         PUBLIC        T3CON
  C:0018H         PUBLIC        Receive_Data_From_UART0
  C:05AFH         PUBLIC        Receive_Data_From_UART1
  D:008EH         PUBLIC        CKCON
  D:00D0H         PUBLIC        PSW
  -------         PROC          _INITIALUART0_TIMER1
  D:0004H         SYMBOL        u32Baudrate
  C:0541H         LINE#         23
  C:0541H         LINE#         24
  C:0541H         LINE#         25
  C:0547H         LINE#         26
  C:054DH         LINE#         28
  C:0550H         LINE#         29
  C:0553H         LINE#         31
  C:0556H         LINE#         32
  C:0559H         LINE#         33
BL51 BANKED LINKER/LOCATER V6.22.2.0                                                  08/28/2020  10:23:15  PAGE 5


  C:055CH         LINE#         36
  C:0575H         LINE#         41
  C:0577H         LINE#         42
  C:0579H         LINE#         43
  -------         ENDPROC       _INITIALUART0_TIMER1
  -------         PROC          _INITIALUART0_TIMER3
  D:0017H         SYMBOL        u32Baudrate
  C:020AH         LINE#         45
  C:0212H         LINE#         46
  C:0212H         LINE#         47
  C:0218H         LINE#         48
  C:021EH         LINE#         50
  C:0221H         LINE#         51
  C:0224H         LINE#         52
  C:0227H         LINE#         53
  C:022AH         LINE#         56
  C:0253H         LINE#         57
  C:026DH         LINE#         63
  C:0270H         LINE#         64
  C:0272H         LINE#         65
  -------         ENDPROC       _INITIALUART0_TIMER3
  -------         PROC          RECEIVE_DATA_FROM_UART0
  -------         DO            
  D:0007H         SYMBOL        c
  -------         ENDDO         
  C:0018H         LINE#         67
  C:0018H         LINE#         68
  C:0018H         LINE#         70
  C:001BH         LINE#         71
  C:001DH         LINE#         72
  C:001FH         LINE#         73
  C:001FH         LINE#         74
  -------         ENDPROC       RECEIVE_DATA_FROM_UART0
  -------         PROC          _SEND_DATA_TO_UART0
  D:0007H         SYMBOL        c
  C:05A7H         LINE#         76
  C:05A7H         LINE#         77
  C:05A7H         LINE#         78
  C:05A9H         LINE#         79
  C:05ABH         LINE#         80
  C:05AEH         LINE#         81
  -------         ENDPROC       _SEND_DATA_TO_UART0
  -------         PROC          _INITIALUART1_TIMER3
  D:001BH         SYMBOL        u32Baudrate
  C:0273H         LINE#         87
  C:027BH         LINE#         88
  C:027BH         LINE#         89
  C:0281H         LINE#         90
  C:0287H         LINE#         92
  C:028AH         LINE#         93
  C:028DH         LINE#         94
  C:0290H         LINE#         97
  C:02B9H         LINE#         98
  C:02D3H         LINE#         104
  C:02D6H         LINE#         105
  -------         ENDPROC       _INITIALUART1_TIMER3
  -------         PROC          RECEIVE_DATA_FROM_UART1
BL51 BANKED LINKER/LOCATER V6.22.2.0                                                  08/28/2020  10:23:15  PAGE 6


  -------         DO            
  D:0007H         SYMBOL        c
  -------         ENDDO         
  C:05AFH         LINE#         107
  C:05AFH         LINE#         108
  C:05AFH         LINE#         111
  C:05B2H         LINE#         112
  C:05B4H         LINE#         113
  C:05B6H         LINE#         114
  C:05B6H         LINE#         115
  -------         ENDPROC       RECEIVE_DATA_FROM_UART1
  -------         PROC          _SEND_DATA_TO_UART1
  D:0007H         SYMBOL        c
  C:05B7H         LINE#         117
  C:05B7H         LINE#         118
  C:05B7H         LINE#         119
  C:05B9H         LINE#         120
  C:05BBH         LINE#         121
  C:05BEH         LINE#         122
  -------         ENDPROC       _SEND_DATA_TO_UART1
  -------         ENDMOD        COMMON

  -------         MODULE        DELAY
  C:0000H         SYMBOL        _ICE_DUMMY_
  D:0080H         PUBLIC        P0
  D:0090H         PUBLIC        P1
  D:00A0H         PUBLIC        P2
  C:041FH         PUBLIC        _Timer0_Delay100us
  D:00B0H         PUBLIC        P3
  D:00D8H         PUBLIC        PWMCON0
  C:03D1H         PUBLIC        _Timer2_Delay500us
  D:00A8H         PUBLIC        IE
  D:00B8H         PUBLIC        IP
  C:046AH         PUBLIC        _Timer0_Delay1ms
  B:0020H.0       PUBLIC        BIT_TMP
  D:0098H         PUBLIC        SCON
  D:0089H         PUBLIC        TMOD
  D:0088H         PUBLIC        TCON
  D:00F8H         PUBLIC        SCON_1
  B:0088H.5       PUBLIC        TF0
  C:04B5H         PUBLIC        _Timer1_Delay10ms
  B:0088H.7       PUBLIC        TF1
  B:00C8H.7       PUBLIC        TF2
  D:008CH         PUBLIC        TH0
  D:00C6H         PUBLIC        RH3
  D:008DH         PUBLIC        TH1
  D:00CDH         PUBLIC        TH2
  D:008AH         PUBLIC        TL0
  D:00C5H         PUBLIC        RL3
  D:008BH         PUBLIC        TL1
  D:00CCH         PUBLIC        TL2
  C:0381H         PUBLIC        _Timer3_Delay10us
  B:0088H.4       PUBLIC        TR0
  B:0088H.6       PUBLIC        TR1
  B:00C8H.2       PUBLIC        TR2
  D:00E8H         PUBLIC        ADCCON0
  D:00C0H         PUBLIC        I2CON
BL51 BANKED LINKER/LOCATER V6.22.2.0                                                  08/28/2020  10:23:15  PAGE 7


  D:00C9H         PUBLIC        T2MOD
  D:00C8H         PUBLIC        T2CON
  D:00C4H         PUBLIC        T3CON
  D:008EH         PUBLIC        CKCON
  D:00D0H         PUBLIC        PSW
  C:0331H         PUBLIC        _Timer3_Delay100ms
  -------         PROC          _TIMER0_DELAY100US
  D:0021H         SYMBOL        u32CNT
  C:041FH         LINE#         22
  C:0427H         LINE#         23
  C:0427H         LINE#         24
  C:042AH         LINE#         25
  C:042DH         LINE#         26
  C:042FH         LINE#         27
  C:0442H         LINE#         28
  C:0442H         LINE#         29
  C:0445H         LINE#         30
  C:0448H         LINE#         31
  C:044BH         LINE#         32
  C:044DH         LINE#         33
  C:0465H         LINE#         34
  C:0467H         LINE#         35
  C:0469H         LINE#         36
  -------         ENDPROC       _TIMER0_DELAY100US
  -------         PROC          _TIMER0_DELAY1MS
  D:0010H         SYMBOL        u32CNT
  C:046AH         LINE#         38
  C:0472H         LINE#         39
  C:0472H         LINE#         40
  C:0475H         LINE#         41
  C:0478H         LINE#         42
  C:047AH         LINE#         43
  C:048DH         LINE#         44
  C:048DH         LINE#         45
  C:0490H         LINE#         46
  C:0493H         LINE#         47
  C:0496H         LINE#         48
  C:0498H         LINE#         49
  C:04B0H         LINE#         50
  C:04B2H         LINE#         51
  C:04B4H         LINE#         52
  -------         ENDPROC       _TIMER0_DELAY1MS
  -------         PROC          _TIMER1_DELAY10MS
  D:0025H         SYMBOL        u32CNT
  C:04B5H         LINE#         55
  C:04BDH         LINE#         56
  C:04BDH         LINE#         57
  C:04C0H         LINE#         58
  C:04C3H         LINE#         59
  C:04C5H         LINE#         60
  C:04D8H         LINE#         61
  C:04D8H         LINE#         62
  C:04DBH         LINE#         63
  C:04DEH         LINE#         64
  C:04E1H         LINE#         65
  C:04E3H         LINE#         66
  C:04FBH         LINE#         67
BL51 BANKED LINKER/LOCATER V6.22.2.0                                                  08/28/2020  10:23:15  PAGE 8


  C:04FDH         LINE#         68
  C:04FFH         LINE#         69
  -------         ENDPROC       _TIMER1_DELAY10MS
  -------         PROC          _TIMER2_DELAY500US
  D:0029H         SYMBOL        u32CNT
  C:03D1H         LINE#         71
  C:03D9H         LINE#         72
  C:03D9H         LINE#         73
  C:03DCH         LINE#         74
  C:03DFH         LINE#         75
  C:03E2H         LINE#         76
  C:03E4H         LINE#         77
  C:03F7H         LINE#         78
  C:03F7H         LINE#         79
  C:03FAH         LINE#         80
  C:03FDH         LINE#         81
  C:0400H         LINE#         82
  C:0402H         LINE#         83
  C:041AH         LINE#         84
  C:041CH         LINE#         85
  C:041EH         LINE#         86
  -------         ENDPROC       _TIMER2_DELAY500US
  -------         PROC          _TIMER3_DELAY100MS
  D:002DH         SYMBOL        u32CNT
  C:0331H         LINE#         88
  C:0339H         LINE#         89
  C:0339H         LINE#         90
  C:033CH         LINE#         91
  C:033FH         LINE#         92
  C:0352H         LINE#         93
  C:0352H         LINE#         94
  C:0355H         LINE#         95
  C:0358H         LINE#         96
  C:0360H         LINE#         97
  C:0363H         LINE#         98
  C:037BH         LINE#         99
  C:037DH         LINE#         100
  C:0380H         LINE#         101
  -------         ENDPROC       _TIMER3_DELAY100MS
  -------         PROC          _TIMER3_DELAY10US
  D:0031H         SYMBOL        u32CNT
  C:0381H         LINE#         103
  C:0389H         LINE#         104
  C:0389H         LINE#         105
  C:038CH         LINE#         106
  C:038FH         LINE#         107
  C:03A2H         LINE#         108
  C:03A2H         LINE#         109
  C:03A5H         LINE#         110
  C:03A8H         LINE#         111
  C:03B0H         LINE#         112
  C:03B3H         LINE#         113
  C:03CBH         LINE#         114
  C:03CDH         LINE#         115
  C:03D0H         LINE#         116
  -------         ENDPROC       _TIMER3_DELAY10US
  -------         ENDMOD        DELAY
BL51 BANKED LINKER/LOCATER V6.22.2.0                                                  08/28/2020  10:23:15  PAGE 9



  -------         MODULE        ?C_STARTUP
  C:015EH         SEGMENT       ?C_C51STARTUP
  I:0035H         SEGMENT       ?STACK
  C:0000H         PUBLIC        ?C_STARTUP
  D:00E0H         SYMBOL        ACC
  D:00F0H         SYMBOL        B
  D:0083H         SYMBOL        DPH
  D:0082H         SYMBOL        DPL
  N:0000H         SYMBOL        IBPSTACK
  N:0100H         SYMBOL        IBPSTACKTOP
  N:0080H         SYMBOL        IDATALEN
  C:0173H         SYMBOL        IDATALOOP
  N:0000H         SYMBOL        PBPSTACK
  N:0000H         SYMBOL        PBPSTACKTOP
  N:0000H         SYMBOL        PDATALEN
  N:0000H         SYMBOL        PDATASTART
  N:0000H         SYMBOL        PPAGE
  N:0000H         SYMBOL        PPAGEENABLE
  D:00A0H         SYMBOL        PPAGE_SFR
  D:0081H         SYMBOL        SP
  C:015EH         SYMBOL        STARTUP1
  N:0000H         SYMBOL        XBPSTACK
  N:0000H         SYMBOL        XBPSTACKTOP
  N:02FFH         SYMBOL        XDATALEN
  C:017EH         SYMBOL        XDATALOOP
  N:0000H         SYMBOL        XDATASTART
  C:0000H         LINE#         94
  C:015EH         LINE#         100
  C:0161H         LINE#         101
  C:0164H         LINE#         102
  C:0167H         LINE#         104
  C:016AH         LINE#         105
  C:016DH         LINE#         106
  C:0170H         LINE#         109
  C:0172H         LINE#         110
  C:0173H         LINE#         111
  C:0174H         LINE#         112
  C:0176H         LINE#         116
  C:0179H         LINE#         117
  C:017BH         LINE#         119
  C:017DH         LINE#         123
  C:017EH         LINE#         124
  C:017FH         LINE#         125
  C:0180H         LINE#         126
  C:0182H         LINE#         127
  C:0184H         LINE#         161
  C:0187H         LINE#         165
  -------         ENDMOD        ?C_STARTUP

  -------         MODULE        ?C?CLDOPTR
  C:0026H         PUBLIC        ?C?CLDOPTR
  -------         ENDMOD        ?C?CLDOPTR

  -------         MODULE        ?C?ULDIV
  C:008FH         PUBLIC        ?C?ULDIV
  -------         ENDMOD        ?C?ULDIV
BL51 BANKED LINKER/LOCATER V6.22.2.0                                                  08/28/2020  10:23:15  PAGE 10



  -------         MODULE        ?C?ULCMP
  C:0121H         PUBLIC        ?C?ULCMP
  -------         ENDMOD        ?C?ULCMP

  -------         MODULE        ?C?ULSHR
  C:0132H         PUBLIC        ?C?ULSHR
  -------         ENDMOD        ?C?ULSHR

  -------         MODULE        STRLEN
  C:0003H         PUBLIC        _STRLEN
  -------         ENDMOD        STRLEN

  -------         MODULE        ?C?CLDPTR
  C:0145H         PUBLIC        ?C?CLDPTR
  -------         ENDMOD        ?C?CLDPTR

Program Size: data=52.1 xdata=0 code=1473
LINK/LOCATE RUN COMPLETE.  0 WARNING(S),  0 ERROR(S)
