C51 COMPILER V9.60.0.0   MAIN                                                              09/09/2020 15:00:09 PAGE 1   


C51 COMPILER V9.60.0.0, COMPILATION OF MODULE MAIN
OBJECT MODULE PLACED IN .\Objects\main.obj
COMPILER INVOKED BY: C:\Keil_v5\C51\BIN\C51.EXE main.c OPTIMIZE(8,SPEED) BROWSE INCDIR(..\Include) DEFINE(FOSC_160000) D
                    -EBUG OBJECTEXTEND PRINT(.\Listings\main.lst) TABS(2) OBJECT(.\Objects\main.obj)

line level    source

   1          #include "N76E003.h"
   2          #include "Common.h"
   3          #include "Delay.h"
   4          #include "SFR_Macro.h"
   5          #include "Function_define.h"
   6           char chu_so[]={0xEB,0x88,0xB3,0xBA,0xD8,0x7A,0x7B,0xA8,0xFB,0xFA};
   7          #define DATA P03      //Du lieu 
   8          #define CLK P15       //Xung 
   9          #define LAT P17       //Chot du lieu de day ra 
  10          #define LED1 P13
  11          #define LED2 P12
  12          #define LED3 P11
  13          #define LED4 P10
  14          #define bat  0
  15          #define tat  1
  16          int cnt = 0;
  17          unsigned long adc_value;
  18          void HC595_Output(unsigned char a)
  19          {
  20   1        unsigned char i;
  21   1        for (i=0; i<8;i++)
  22   1        {
  23   2          DATA = a & (0x80 >> i);   //Dich bit de day du lieu ra
  24   2          CLK=0;
  25   2          CLK=1;
  26   2        }
  27   1        LAT=0;
  28   1        LAT=1;
  29   1      }
  30          
  31          void PWM_set_period(unsigned int period_value)
  32          {
  33   1        PWMPL = period_value & 0x00FF;
  34   1        PWMPH = (period_value & 0xFF00)>>8;
  35   1      }
  36          
  37          void PWM_set_on(unsigned int on_value)
  38          {
  39   1        PWM2L = (on_value & 0x00FF);
  40   1        PWM2H = ((on_value & 0xFF00) >> 8);
  41   1        set_LOAD;
  42   1      }
  43          
  44          int i;
  45          void Timer0_Interrupt() interrupt 1
  46          {
  47   1        TH0=0xFA;       //Nap lai gia tri 
  48   1        TL0=0xCB;
  49   1        cnt++;
  50   1        if(cnt==5) cnt=1;
  51   1        if(cnt==1)
  52   1        {
  53   2          LED4=tat;
  54   2          LED1=tat;
C51 COMPILER V9.60.0.0   MAIN                                                              09/09/2020 15:00:09 PAGE 2   

  55   2          HC595_Output(chu_so[adc_value/1000]);
  56   2          LED4=bat;
  57   2        }
  58   1       if(cnt==2)
  59   1        {
  60   2          LED3=tat;
  61   2          LED4=tat;
  62   2          HC595_Output(chu_so[(adc_value%1000)/100]);
  63   2          LED3=bat;
  64   2        }
  65   1       if(cnt==3)
  66   1        {
  67   2          LED2=tat;
  68   2          LED3=tat;
  69   2          HC595_Output(chu_so[(adc_value%100)/10]);
  70   2          LED2=bat;
  71   2        }
  72   1       if(cnt==4)
  73   1        {
  74   2          LED1=tat;
  75   2          LED2=tat;
  76   2          HC595_Output(chu_so[adc_value%10]);
  77   2          LED1=bat;
  78   2        }
  79   1      }
  80          void main(void)
  81          {
  82   1        P30_Input_Mode;
  83   1        P05_Quasi_Mode;         
  84   1        P10_Quasi_Mode;       //LED4 Output
  85   1        P11_Quasi_Mode;       //LED3 Output
  86   1        P12_Quasi_Mode;       //LED2 Output
  87   1        P13_Quasi_Mode;       //LED1 Output
  88   1        P15_Quasi_Mode;       //CLK  Output
  89   1        P17_Quasi_Mode;       //LAT  Output
  90   1        P03_Quasi_Mode;       //DATA Output
  91   1        PWM2_P05_OUTPUT_ENABLE;
  92   1        PWM_IMDEPENDENT_MODE;
  93   1        PWM_CLOCK_DIV_8;
  94   1        PWM_set_period(2000);
  95   1        // Khoi tao ngat Timer0
  96   1        TMOD=0x01;            //Khoi tao Timer Mode 1
  97   1        ET0=1;                //Cho phep ngat Timer
  98   1        EA=1;                 //Cho phep ngat toan cuc
  99   1        TR0=1;                //Khoi tao Timer0
 100   1        // Khoi tao ADC
 101   1        Enable_ADC_AIN5;      //Khoi tao ADC pin 04
 102   1        PWM2H = 0x00;
 103   1        PWM2L = 0x00;
 104   1        set_LOAD;
 105   1        set_PWMRUN;
 106   1        while(1)
 107   1        {
 108   2          P05=1;                    
 109   2          clr_ADCF;                 // Xoa co, neu ADCF=1 thi ko the chuyen doi 
 110   2          set_ADCS;                 // ADCS=1 trong suot qua trinh chuyen doi, 
 111   2          while(ADCF == 0);         // ADCF = 0, chuyen doi hoan tat
 112   2          adc_value = ADCRH;
 113   2          adc_value <<= 4;
 114   2          adc_value |= ADCRL;   // Doc gia tri ADC
 115   2          PWM_set_on(adc_value*2000/4096);
 116   2          Timer0_Delay1ms(100);
C51 COMPILER V9.60.0.0   MAIN                                                              09/09/2020 15:00:09 PAGE 3   

 117   2        }
 118   1      }


MODULE INFORMATION:   STATIC OVERLAYABLE
   CODE SIZE        =    561    ----
   CONSTANT SIZE    =   ----    ----
   XDATA SIZE       =   ----    ----
   PDATA SIZE       =   ----    ----
   DATA SIZE        =     18    ----
   IDATA SIZE       =   ----    ----
   BIT SIZE         =   ----    ----
END OF MODULE INFORMATION.


C51 COMPILATION COMPLETE.  0 WARNING(S),  0 ERROR(S)
